------------------------------------------------------------
Timing Analyzer Summary
------------------------------------------------------------

Type  : Slow 1100mV 100C Model Setup 'clk'
Slack : -0.197
TNS   : -0.388

Type  : Slow 1100mV 100C Model Hold 'clk'
Slack : 0.255
TNS   : 0.000

Type  : Slow 1100mV 100C Model Minimum Pulse Width 'clk'
Slack : -0.538
TNS   : -3.857

Type  : Slow 1100mV -40C Model Setup 'clk'
Slack : -0.174
TNS   : -0.340

Type  : Slow 1100mV -40C Model Hold 'clk'
Slack : 0.237
TNS   : 0.000

Type  : Slow 1100mV -40C Model Minimum Pulse Width 'clk'
Slack : -0.538
TNS   : -4.099

Type  : Fast 1100mV 100C Model Setup 'clk'
Slack : 0.408
TNS   : 0.000

Type  : Fast 1100mV 100C Model Hold 'clk'
Slack : 0.140
TNS   : 0.000

Type  : Fast 1100mV 100C Model Minimum Pulse Width 'clk'
Slack : -0.084
TNS   : -0.416

Type  : Fast 1100mV -40C Model Setup 'clk'
Slack : 0.467
TNS   : 0.000

Type  : Fast 1100mV -40C Model Hold 'clk'
Slack : 0.122
TNS   : 0.000

Type  : Fast 1100mV -40C Model Minimum Pulse Width 'clk'
Slack : -0.090
TNS   : -0.444

------------------------------------------------------------
